
> dev
> next dev

▲ Next.js 16.2.6 (Turbopack)
- Local:         http://localhost:3000
- Network:       http://192.168.219.103:3000
- Environments: .env.local
✓ Ready in 766ms

 GET /backtest 200 in 485ms (next.js: 283ms, application-code: 202ms)
 GET /signals 200 in 1682ms (next.js: 94ms, application-code: 1587ms)
 GET / 200 in 3.0s (next.js: 328ms, application-code: 2.7s)
 POST /api/admin/run-risk 410 in 96ms (next.js: 79ms, application-code: 17ms)
 GET / 200 in 2.1s (next.js: 12ms, application-code: 2.1s)
 GET /api/admin/session 200 in 66ms (next.js: 53ms, application-code: 13ms)
 GET /upload 200 in 64ms (next.js: 45ms, application-code: 20ms)
 GET /api/admin/session 200 in 14ms (next.js: 5ms, application-code: 9ms)
 GET /api/admin/session 200 in 11ms (next.js: 4ms, application-code: 8ms)
 GET /api/admin/upload-summary 200 in 1502ms (next.js: 59ms, application-code: 1443ms)
 GET / 200 in 6.0s (next.js: 6ms, application-code: 6.0s)
 GET /api/admin/session 200 in 13ms (next.js: 4ms, application-code: 9ms)
 GET /api/admin/session 200 in 12ms (next.js: 4ms, application-code: 8ms)
 GET /signals?refresh=1782088711938 200 in 857ms (next.js: 5ms, application-code: 852ms)
 GET /api/admin/session 200 in 13ms (next.js: 5ms, application-code: 8ms)
 GET /api/admin/session 200 in 12ms (next.js: 4ms, application-code: 8ms)
 GET / 200 in 7.1s (next.js: 5ms, application-code: 7.0s)
 GET /api/admin/session 200 in 12ms (next.js: 4ms, application-code: 8ms)
 GET /api/admin/session 200 in 10ms (next.js: 3ms, application-code: 7ms)
 GET / 200 in 1444ms (next.js: 7ms, application-code: 1437ms)
 GET /api/admin/session 200 in 12ms (next.js: 4ms, application-code: 8ms)
✓ Compiled in 22ms
 GET / 200 in 475ms (next.js: 17ms, application-code: 458ms)
 GET / 200 in 893ms (next.js: 85ms, application-code: 809ms)
 GET / 200 in 624ms (next.js: 7ms, application-code: 617ms)
 GET / 200 in 478ms (next.js: 89ms, application-code: 389ms)
 GET / 200 in 480ms (next.js: 166ms, application-code: 314ms)
✓ Compiled in 70ms
 GET / 200 in 442ms (next.js: 6ms, application-code: 436ms)
 GET / 200 in 668ms (next.js: 96ms, application-code: 571ms)
✓ Compiled in 46ms
 GET / 200 in 211ms (next.js: 11ms, application-code: 200ms)
 GET / 200 in 494ms (next.js: 81ms, application-code: 413ms)
 GET / 200 in 1932ms (next.js: 6ms, application-code: 1926ms)
 GET /signals 200 in 3.9s (next.js: 89ms, application-code: 3.8s)
[?25h
